<?xml version="1.0"?>
<link_info>
   <banner>TMS320C2000 Linker PC v16.9.5.LTS</banner>
   <copyright>Copyright (c) 1996-2017 Texas Instruments Incorporated</copyright>
   <link_time>0x5d772a73</link_time>
   <link_errors>0x0</link_errors>
   <output_file>5. flash_to_ram_cpu1_proj.out</output_file>
   <entry_point>
      <name>_c_int00</name>
      <address>0x9174</address>
   </entry_point>
   <input_file_list>
      <input_file id="fl-2">
         <path>.\_SOURCE\base\</path>
         <kind>object</kind>
         <file>DSP28xxx_CodeStartBranch.obj</file>
         <name>DSP28xxx_CodeStartBranch.obj</name>
      </input_file>
      <input_file id="fl-3">
         <path>.\_SOURCE\base\</path>
         <kind>object</kind>
         <file>DSP28xxx_SectionCopy_nonBIOS.obj</file>
         <name>DSP28xxx_SectionCopy_nonBIOS.obj</name>
      </input_file>
      <input_file id="fl-4">
         <path>.\_SOURCE\base\</path>
         <kind>object</kind>
         <file>F2837xD_Adc.obj</file>
         <name>F2837xD_Adc.obj</name>
      </input_file>
      <input_file id="fl-5">
         <path>.\_SOURCE\base\</path>
         <kind>object</kind>
         <file>F2837xD_CpuTimers.obj</file>
         <name>F2837xD_CpuTimers.obj</name>
      </input_file>
      <input_file id="fl-6">
         <path>.\_SOURCE\base\</path>
         <kind>object</kind>
         <file>F2837xD_DBGIER.obj</file>
         <name>F2837xD_DBGIER.obj</name>
      </input_file>
      <input_file id="fl-7">
         <path>.\_SOURCE\base\</path>
         <kind>object</kind>
         <file>F2837xD_DefaultISR.obj</file>
         <name>F2837xD_DefaultISR.obj</name>
      </input_file>
      <input_file id="fl-8">
         <path>.\_SOURCE\base\</path>
         <kind>object</kind>
         <file>F2837xD_Dma.obj</file>
         <name>F2837xD_Dma.obj</name>
      </input_file>
      <input_file id="fl-9">
         <path>.\_SOURCE\base\</path>
         <kind>object</kind>
         <file>F2837xD_ECap.obj</file>
         <name>F2837xD_ECap.obj</name>
      </input_file>
      <input_file id="fl-a">
         <path>.\_SOURCE\base\</path>
         <kind>object</kind>
         <file>F2837xD_EPwm.obj</file>
         <name>F2837xD_EPwm.obj</name>
      </input_file>
      <input_file id="fl-b">
         <path>.\_SOURCE\base\</path>
         <kind>object</kind>
         <file>F2837xD_EQep.obj</file>
         <name>F2837xD_EQep.obj</name>
      </input_file>
      <input_file id="fl-c">
         <path>.\_SOURCE\base\</path>
         <kind>object</kind>
         <file>F2837xD_Emif.obj</file>
         <name>F2837xD_Emif.obj</name>
      </input_file>
      <input_file id="fl-d">
         <path>.\_SOURCE\base\</path>
         <kind>object</kind>
         <file>F2837xD_GlobalVariableDefs.obj</file>
         <name>F2837xD_GlobalVariableDefs.obj</name>
      </input_file>
      <input_file id="fl-e">
         <path>.\_SOURCE\base\</path>
         <kind>object</kind>
         <file>F2837xD_Gpio.obj</file>
         <name>F2837xD_Gpio.obj</name>
      </input_file>
      <input_file id="fl-f">
         <path>.\_SOURCE\base\</path>
         <kind>object</kind>
         <file>F2837xD_I2C.obj</file>
         <name>F2837xD_I2C.obj</name>
      </input_file>
      <input_file id="fl-10">
         <path>.\_SOURCE\base\</path>
         <kind>object</kind>
         <file>F2837xD_Ipc.obj</file>
         <name>F2837xD_Ipc.obj</name>
      </input_file>
      <input_file id="fl-11">
         <path>.\_SOURCE\base\</path>
         <kind>object</kind>
         <file>F2837xD_Ipc_Driver.obj</file>
         <name>F2837xD_Ipc_Driver.obj</name>
      </input_file>
      <input_file id="fl-12">
         <path>.\_SOURCE\base\</path>
         <kind>object</kind>
         <file>F2837xD_Ipc_Driver_Lite.obj</file>
         <name>F2837xD_Ipc_Driver_Lite.obj</name>
      </input_file>
      <input_file id="fl-13">
         <path>.\_SOURCE\base\</path>
         <kind>object</kind>
         <file>F2837xD_Ipc_Driver_Util.obj</file>
         <name>F2837xD_Ipc_Driver_Util.obj</name>
      </input_file>
      <input_file id="fl-14">
         <path>.\_SOURCE\base\</path>
         <kind>object</kind>
         <file>F2837xD_Mcbsp.obj</file>
         <name>F2837xD_Mcbsp.obj</name>
      </input_file>
      <input_file id="fl-15">
         <path>.\_SOURCE\base\</path>
         <kind>object</kind>
         <file>F2837xD_PieCtrl.obj</file>
         <name>F2837xD_PieCtrl.obj</name>
      </input_file>
      <input_file id="fl-16">
         <path>.\_SOURCE\base\</path>
         <kind>object</kind>
         <file>F2837xD_PieVect.obj</file>
         <name>F2837xD_PieVect.obj</name>
      </input_file>
      <input_file id="fl-17">
         <path>.\_SOURCE\base\</path>
         <kind>object</kind>
         <file>F2837xD_Sci.obj</file>
         <name>F2837xD_Sci.obj</name>
      </input_file>
      <input_file id="fl-18">
         <path>.\_SOURCE\base\</path>
         <kind>object</kind>
         <file>F2837xD_Spi.obj</file>
         <name>F2837xD_Spi.obj</name>
      </input_file>
      <input_file id="fl-19">
         <path>.\_SOURCE\base\</path>
         <kind>object</kind>
         <file>F2837xD_SysCtrl.obj</file>
         <name>F2837xD_SysCtrl.obj</name>
      </input_file>
      <input_file id="fl-1a">
         <path>.\_SOURCE\base\</path>
         <kind>object</kind>
         <file>F2837xD_TempSensorConv.obj</file>
         <name>F2837xD_TempSensorConv.obj</name>
      </input_file>
      <input_file id="fl-1b">
         <path>.\_SOURCE\base\</path>
         <kind>object</kind>
         <file>F2837xD_Upp.obj</file>
         <name>F2837xD_Upp.obj</name>
      </input_file>
      <input_file id="fl-1c">
         <path>.\_SOURCE\base\</path>
         <kind>object</kind>
         <file>F2837xD_can.obj</file>
         <name>F2837xD_can.obj</name>
      </input_file>
      <input_file id="fl-1d">
         <path>.\_SOURCE\base\</path>
         <kind>object</kind>
         <file>F2837xD_sci_io.obj</file>
         <name>F2837xD_sci_io.obj</name>
      </input_file>
      <input_file id="fl-1e">
         <path>.\_SOURCE\base\</path>
         <kind>object</kind>
         <file>F2837xD_sdfm_drivers.obj</file>
         <name>F2837xD_sdfm_drivers.obj</name>
      </input_file>
      <input_file id="fl-1f">
         <path>.\_SOURCE\base\</path>
         <kind>object</kind>
         <file>F2837xD_struct.obj</file>
         <name>F2837xD_struct.obj</name>
      </input_file>
      <input_file id="fl-20">
         <path>.\_SOURCE\base\</path>
         <kind>object</kind>
         <file>F2837xD_usDelay.obj</file>
         <name>F2837xD_usDelay.obj</name>
      </input_file>
      <input_file id="fl-21">
         <path>.\_SOURCE\main\</path>
         <kind>object</kind>
         <file>com.obj</file>
         <name>com.obj</name>
      </input_file>
      <input_file id="fl-22">
         <path>.\_SOURCE\main\</path>
         <kind>object</kind>
         <file>custom.obj</file>
         <name>custom.obj</name>
      </input_file>
      <input_file id="fl-23">
         <path>.\_SOURCE\main\</path>
         <kind>object</kind>
         <file>main.obj</file>
         <name>main.obj</name>
      </input_file>
      <input_file id="fl-24">
         <path>.\_SOURCE\main\</path>
         <kind>object</kind>
         <file>pin.obj</file>
         <name>pin.obj</name>
      </input_file>
      <input_file id="fl-25">
         <path>.\_SOURCE\main\</path>
         <kind>object</kind>
         <file>pwm.obj</file>
         <name>pwm.obj</name>
      </input_file>
      <input_file id="fl-26">
         <path>.\_SOURCE\main\</path>
         <kind>object</kind>
         <file>sci.obj</file>
         <name>sci.obj</name>
      </input_file>
      <input_file id="fl-27">
         <path>.\_SOURCE\main\</path>
         <kind>object</kind>
         <file>timer.obj</file>
         <name>timer.obj</name>
      </input_file>
      <input_file id="fl-28">
         <path>.\_SOURCE\main\</path>
         <kind>object</kind>
         <file>upp.obj</file>
         <name>upp.obj</name>
      </input_file>
      <input_file id="fl-2d">
         <kind>object</kind>
         <file>&lt;internal&gt;</file>
         <name>&lt;internal&gt;</name>
      </input_file>
      <input_file id="fl-3b">
         <path>C:\ti\ccsv6\tools\compiler\lib\</path>
         <kind>archive</kind>
         <file>rts2800_fpu32.lib</file>
         <name>boot28.obj</name>
      </input_file>
      <input_file id="fl-3c">
         <path>C:\ti\ccsv6\tools\compiler\lib\</path>
         <kind>archive</kind>
         <file>rts2800_fpu32.lib</file>
         <name>cpy_tbl.obj</name>
      </input_file>
      <input_file id="fl-3d">
         <path>C:\ti\ccsv6\tools\compiler\lib\</path>
         <kind>archive</kind>
         <file>rts2800_fpu32.lib</file>
         <name>exit.obj</name>
      </input_file>
      <input_file id="fl-3e">
         <path>C:\ti\ccsv6\tools\compiler\lib\</path>
         <kind>archive</kind>
         <file>rts2800_fpu32.lib</file>
         <name>i_div28.obj</name>
      </input_file>
      <input_file id="fl-3f">
         <path>C:\ti\ccsv6\tools\compiler\lib\</path>
         <kind>archive</kind>
         <file>rts2800_fpu32.lib</file>
         <name>ll_aox28.obj</name>
      </input_file>
      <input_file id="fl-40">
         <path>C:\ti\ccsv6\tools\compiler\lib\</path>
         <kind>archive</kind>
         <file>rts2800_fpu32.lib</file>
         <name>memcpy.obj</name>
      </input_file>
      <input_file id="fl-41">
         <path>C:\ti\ccsv6\tools\compiler\lib\</path>
         <kind>archive</kind>
         <file>rts2800_fpu32.lib</file>
         <name>memset.obj</name>
      </input_file>
      <input_file id="fl-42">
         <path>C:\ti\ccsv6\tools\compiler\lib\</path>
         <kind>archive</kind>
         <file>rts2800_fpu32.lib</file>
         <name>pre_init.obj</name>
      </input_file>
      <input_file id="fl-43">
         <path>C:\ti\ccsv6\tools\compiler\lib\</path>
         <kind>archive</kind>
         <file>rts2800_fpu32.lib</file>
         <name>startup.obj</name>
      </input_file>
      <input_file id="fl-44">
         <path>C:\ti\ccsv6\tools\compiler\lib\</path>
         <kind>archive</kind>
         <file>rts2800_fpu32.lib</file>
         <name>strlen.obj</name>
      </input_file>
      <input_file id="fl-45">
         <path>C:\ti\ccsv6\tools\compiler\lib\</path>
         <kind>archive</kind>
         <file>rts2800_fpu32.lib</file>
         <name>_lock.obj</name>
      </input_file>
      <input_file id="fl-46">
         <path>C:\ti\ccsv6\tools\compiler\lib\</path>
         <kind>archive</kind>
         <file>rts2800_fpu32.lib</file>
         <name>args_main.obj</name>
      </input_file>
   </input_file_list>
   <object_component_list>
      <object_component id="oc-8c">
         <name>codestart</name>
         <load_address>0x80000</load_address>
         <run_address>0x80000</run_address>
         <size>0x2</size>
         <input_file_ref idref="fl-2"/>
      </object_component>
      <object_component id="oc-8d">
         <name>wddisable</name>
         <load_address>0x838e6</load_address>
         <run_address>0x838e6</run_address>
         <size>0x8</size>
         <input_file_ref idref="fl-2"/>
      </object_component>
      <object_component id="oc-92">
         <name>copysections</name>
         <load_address>0x838b2</load_address>
         <run_address>0x838b2</run_address>
         <size>0x34</size>
         <input_file_ref idref="fl-3"/>
      </object_component>
      <object_component id="oc-a8">
         <name>.text:retain</name>
         <load_address>0x82000</load_address>
         <run_address>0x8000</run_address>
         <size>0x585</size>
         <input_file_ref idref="fl-7"/>
      </object_component>
      <object_component id="oc-20c">
         <name>.text</name>
         <load_address>0x82585</load_address>
         <run_address>0x8585</run_address>
         <size>0x37e</size>
         <input_file_ref idref="fl-19"/>
      </object_component>
      <object_component id="oc-217">
         <name>.text</name>
         <load_address>0x82903</load_address>
         <run_address>0x8903</run_address>
         <size>0x244</size>
         <input_file_ref idref="fl-e"/>
      </object_component>
      <object_component id="oc-209">
         <name>.text</name>
         <load_address>0x82b47</load_address>
         <run_address>0x8b47</run_address>
         <size>0x15c</size>
         <input_file_ref idref="fl-23"/>
      </object_component>
      <object_component id="oc-1be">
         <name>.text:retain</name>
         <load_address>0x82ca3</load_address>
         <run_address>0x8ca3</run_address>
         <size>0xff</size>
         <input_file_ref idref="fl-28"/>
      </object_component>
      <object_component id="oc-219">
         <name>.text</name>
         <load_address>0x82da2</load_address>
         <run_address>0x8da2</run_address>
         <size>0xed</size>
         <input_file_ref idref="fl-22"/>
      </object_component>
      <object_component id="oc-207">
         <name>.text</name>
         <load_address>0x82e8f</load_address>
         <run_address>0x8e8f</run_address>
         <size>0xad</size>
         <input_file_ref idref="fl-28"/>
      </object_component>
      <object_component id="oc-212">
         <name>.text</name>
         <load_address>0x82f3c</load_address>
         <run_address>0x8f3c</run_address>
         <size>0x7f</size>
         <input_file_ref idref="fl-25"/>
      </object_component>
      <object_component id="oc-213">
         <name>.text</name>
         <load_address>0x82fbb</load_address>
         <run_address>0x8fbb</run_address>
         <size>0x7e</size>
         <input_file_ref idref="fl-1b"/>
      </object_component>
      <object_component id="oc-210">
         <name>.text</name>
         <load_address>0x83039</load_address>
         <run_address>0x9039</run_address>
         <size>0x7c</size>
         <input_file_ref idref="fl-5"/>
      </object_component>
      <object_component id="oc-1a9">
         <name>.text:retain</name>
         <load_address>0x830b5</load_address>
         <run_address>0x90b5</run_address>
         <size>0x60</size>
         <input_file_ref idref="fl-25"/>
      </object_component>
      <object_component id="oc-20d">
         <name>.text</name>
         <load_address>0x83115</load_address>
         <run_address>0x9115</run_address>
         <size>0x5f</size>
         <input_file_ref idref="fl-24"/>
      </object_component>
      <object_component id="oc-8b">
         <name>.text</name>
         <load_address>0x83174</load_address>
         <run_address>0x9174</run_address>
         <size>0x56</size>
         <input_file_ref idref="fl-3b"/>
      </object_component>
      <object_component id="oc-211">
         <name>.text</name>
         <load_address>0x831ca</load_address>
         <run_address>0x91ca</run_address>
         <size>0x3b</size>
         <input_file_ref idref="fl-26"/>
      </object_component>
      <object_component id="oc-206">
         <name>.text</name>
         <load_address>0x83205</load_address>
         <run_address>0x9205</run_address>
         <size>0x29</size>
         <input_file_ref idref="fl-3d"/>
      </object_component>
      <object_component id="oc-20e">
         <name>.text</name>
         <load_address>0x8322e</load_address>
         <run_address>0x922e</run_address>
         <size>0x28</size>
         <input_file_ref idref="fl-15"/>
      </object_component>
      <object_component id="oc-20f">
         <name>.text</name>
         <load_address>0x83256</load_address>
         <run_address>0x9256</run_address>
         <size>0x26</size>
         <input_file_ref idref="fl-16"/>
      </object_component>
      <object_component id="oc-203">
         <name>.text</name>
         <load_address>0x8327c</load_address>
         <run_address>0x927c</run_address>
         <size>0x24</size>
         <input_file_ref idref="fl-3c"/>
      </object_component>
      <object_component id="oc-1d5">
         <name>.text</name>
         <load_address>0x832a0</load_address>
         <run_address>0x92a0</run_address>
         <size>0x22</size>
         <input_file_ref idref="fl-3e"/>
      </object_component>
      <object_component id="oc-208">
         <name>.text</name>
         <load_address>0x832c2</load_address>
         <run_address>0x92c2</run_address>
         <size>0x1e</size>
         <input_file_ref idref="fl-40"/>
      </object_component>
      <object_component id="oc-1b0">
         <name>.text:retain</name>
         <load_address>0x832e0</load_address>
         <run_address>0x92e0</run_address>
         <size>0x1d</size>
         <input_file_ref idref="fl-26"/>
      </object_component>
      <object_component id="oc-214">
         <name>.text</name>
         <load_address>0x832fd</load_address>
         <run_address>0x92fd</run_address>
         <size>0x19</size>
         <input_file_ref idref="fl-21"/>
      </object_component>
      <object_component id="oc-205">
         <name>.text</name>
         <load_address>0x83316</load_address>
         <run_address>0x9316</run_address>
         <size>0x19</size>
         <input_file_ref idref="fl-46"/>
      </object_component>
      <object_component id="oc-1da">
         <name>.text</name>
         <load_address>0x8332f</load_address>
         <run_address>0x932f</run_address>
         <size>0x18</size>
         <input_file_ref idref="fl-3f"/>
      </object_component>
      <object_component id="oc-1b6">
         <name>.text:retain</name>
         <load_address>0x83347</load_address>
         <run_address>0x9347</run_address>
         <size>0x16</size>
         <input_file_ref idref="fl-27"/>
      </object_component>
      <object_component id="oc-215">
         <name>.text</name>
         <load_address>0x8335d</load_address>
         <run_address>0x935d</run_address>
         <size>0x9</size>
         <input_file_ref idref="fl-45"/>
      </object_component>
      <object_component id="oc-21b">
         <name>.text</name>
         <load_address>0x83366</load_address>
         <run_address>0x9366</run_address>
         <size>0x8</size>
         <input_file_ref idref="fl-44"/>
      </object_component>
      <object_component id="oc-18a">
         <name>.text</name>
         <load_address>0x8336e</load_address>
         <run_address>0x936e</run_address>
         <size>0x4</size>
         <input_file_ref idref="fl-20"/>
      </object_component>
      <object_component id="oc-a2">
         <name>.text</name>
         <load_address>0x83372</load_address>
         <run_address>0x9372</run_address>
         <size>0x3</size>
         <input_file_ref idref="fl-6"/>
      </object_component>
      <object_component id="oc-202">
         <name>.text</name>
         <load_address>0x83375</load_address>
         <run_address>0x9375</run_address>
         <size>0x2</size>
         <input_file_ref idref="fl-42"/>
      </object_component>
      <object_component id="oc-204">
         <name>.text</name>
         <load_address>0x83377</load_address>
         <run_address>0x9377</run_address>
         <size>0x1</size>
         <input_file_ref idref="fl-43"/>
      </object_component>
      <object_component id="oc-187">
         <name>.cinit</name>
         <load_address>0x837d2</load_address>
         <run_address>0x97d2</run_address>
         <size>0x90</size>
         <input_file_ref idref="fl-1f"/>
      </object_component>
      <object_component id="oc-1bc">
         <name>.cinit</name>
         <load_address>0x83862</load_address>
         <run_address>0x9862</run_address>
         <size>0x26</size>
         <input_file_ref idref="fl-28"/>
      </object_component>
      <object_component id="oc-1cf">
         <name>.cinit</name>
         <load_address>0x83888</load_address>
         <run_address>0x9888</run_address>
         <size>0xe</size>
         <input_file_ref idref="fl-3d"/>
      </object_component>
      <object_component id="oc-19b">
         <name>.cinit</name>
         <load_address>0x83896</load_address>
         <run_address>0x9896</run_address>
         <size>0xc</size>
         <input_file_ref idref="fl-23"/>
      </object_component>
      <object_component id="oc-20b">
         <name>.cinit:__lock</name>
         <load_address>0x838a2</load_address>
         <run_address>0x98a2</run_address>
         <size>0x5</size>
         <input_file_ref idref="fl-45"/>
      </object_component>
      <object_component id="oc-216">
         <name>.cinit:__unlock</name>
         <load_address>0x838a7</load_address>
         <run_address>0x98a7</run_address>
         <size>0x5</size>
         <input_file_ref idref="fl-45"/>
      </object_component>
      <object_component id="oc-17b">
         <name>.cinit</name>
         <load_address>0x838ac</load_address>
         <run_address>0x98ac</run_address>
         <size>0x4</size>
         <input_file_ref idref="fl-1d"/>
      </object_component>
      <object_component id="oc-19d">
         <name>.econst:.string</name>
         <load_address>0x83378</load_address>
         <run_address>0x9378</run_address>
         <size>0x299</size>
         <input_file_ref idref="fl-23"/>
      </object_component>
      <object_component id="oc-218">
         <name>.econst:_PieVectTableInit</name>
         <load_address>0x83612</load_address>
         <run_address>0x9612</run_address>
         <size>0x1c0</size>
         <input_file_ref idref="fl-16"/>
      </object_component>
      <object_component id="oc-1c3">
         <name>.stack</name>
         <uninitialized>true</uninitialized>
         <run_address>0x400</run_address>
         <size>0x0</size>
         <input_file_ref idref="fl-3b"/>
      </object_component>
      <object_component id="oc-2ac">
         <name>.stack</name>
         <uninitialized>true</uninitialized>
         <run_address>0x400</run_address>
         <size>0x0</size>
      </object_component>
      <object_component id="oc-188">
         <name>.ebss</name>
         <uninitialized>true</uninitialized>
         <run_address>0xa800</run_address>
         <size>0x78</size>
         <input_file_ref idref="fl-1f"/>
      </object_component>
      <object_component id="oc-16b">
         <name>.ebss</name>
         <uninitialized>true</uninitialized>
         <run_address>0xa878</run_address>
         <size>0x6</size>
         <input_file_ref idref="fl-1a"/>
      </object_component>
      <object_component id="oc-20a">
         <name>.ebss:__lock</name>
         <uninitialized>true</uninitialized>
         <run_address>0xa87e</run_address>
         <size>0x2</size>
         <input_file_ref idref="fl-45"/>
      </object_component>
      <object_component id="oc-9d">
         <name>.ebss</name>
         <uninitialized>true</uninitialized>
         <run_address>0xa880</run_address>
         <size>0x18</size>
         <input_file_ref idref="fl-5"/>
      </object_component>
      <object_component id="oc-1bd">
         <name>.ebss</name>
         <uninitialized>true</uninitialized>
         <run_address>0xa898</run_address>
         <size>0x12</size>
         <input_file_ref idref="fl-28"/>
      </object_component>
      <object_component id="oc-1a8">
         <name>.ebss</name>
         <uninitialized>true</uninitialized>
         <run_address>0xa8aa</run_address>
         <size>0xa</size>
         <input_file_ref idref="fl-25"/>
      </object_component>
      <object_component id="oc-19c">
         <name>.ebss</name>
         <uninitialized>true</uninitialized>
         <run_address>0xa8b4</run_address>
         <size>0x6</size>
         <input_file_ref idref="fl-23"/>
      </object_component>
      <object_component id="oc-1d0">
         <name>.ebss</name>
         <uninitialized>true</uninitialized>
         <run_address>0xa8ba</run_address>
         <size>0x6</size>
         <input_file_ref idref="fl-3d"/>
      </object_component>
      <object_component id="oc-21a">
         <name>.ebss:__unlock</name>
         <uninitialized>true</uninitialized>
         <run_address>0xa8c0</run_address>
         <size>0x2</size>
         <input_file_ref idref="fl-45"/>
      </object_component>
      <object_component id="oc-190">
         <name>.ebss</name>
         <uninitialized>true</uninitialized>
         <run_address>0xa8c2</run_address>
         <size>0x2</size>
         <input_file_ref idref="fl-21"/>
      </object_component>
      <object_component id="oc-17c">
         <name>.ebss</name>
         <uninitialized>true</uninitialized>
         <run_address>0xa8c4</run_address>
         <size>0x1</size>
         <input_file_ref idref="fl-1d"/>
      </object_component>
      <object_component id="oc-1af">
         <name>.ebss</name>
         <uninitialized>true</uninitialized>
         <run_address>0xa8c5</run_address>
         <size>0x1</size>
         <input_file_ref idref="fl-26"/>
      </object_component>
      <object_component id="oc-1c4">
         <name>.reset</name>
         <load_address>0x3fffc0</load_address>
         <run_address>0x3fffc0</run_address>
         <size>0x2</size>
         <input_file_ref idref="fl-3b"/>
      </object_component>
      <object_component id="oc-13f">
         <name>PUTBUFFER</name>
         <uninitialized>true</uninitialized>
         <run_address>0x3fc00</run_address>
         <size>0x80</size>
         <input_file_ref idref="fl-11"/>
      </object_component>
      <object_component id="oc-13c">
         <name>PUTWRITEIDX</name>
         <uninitialized>true</uninitialized>
         <run_address>0x3fc80</run_address>
         <size>0x4</size>
         <input_file_ref idref="fl-11"/>
      </object_component>
      <object_component id="oc-13e">
         <name>GETREADIDX</name>
         <uninitialized>true</uninitialized>
         <run_address>0x3fc84</run_address>
         <size>0x4</size>
         <input_file_ref idref="fl-11"/>
      </object_component>
      <object_component id="oc-140">
         <name>GETBUFFER</name>
         <uninitialized>true</uninitialized>
         <run_address>0x3f800</run_address>
         <size>0x80</size>
         <input_file_ref idref="fl-11"/>
      </object_component>
      <object_component id="oc-13b">
         <name>GETWRITEIDX</name>
         <uninitialized>true</uninitialized>
         <run_address>0x3f880</run_address>
         <size>0x4</size>
         <input_file_ref idref="fl-11"/>
      </object_component>
      <object_component id="oc-13d">
         <name>PUTREADIDX</name>
         <uninitialized>true</uninitialized>
         <run_address>0x3f884</run_address>
         <size>0x4</size>
         <input_file_ref idref="fl-11"/>
      </object_component>
      <object_component id="oc-129">
         <name>PieVectTableFile</name>
         <uninitialized>true</uninitialized>
         <run_address>0xd00</run_address>
         <size>0x1c0</size>
         <input_file_ref idref="fl-d"/>
      </object_component>
      <object_component id="oc-c8">
         <name>EmuKeyVar</name>
         <uninitialized>true</uninitialized>
         <run_address>0xd00</run_address>
         <size>0x1</size>
         <input_file_ref idref="fl-d"/>
      </object_component>
      <object_component id="oc-c7">
         <name>EmuBModeVar</name>
         <uninitialized>true</uninitialized>
         <run_address>0xd01</run_address>
         <size>0x1</size>
         <input_file_ref idref="fl-d"/>
      </object_component>
      <object_component id="oc-df">
         <name>AdcaResultFile</name>
         <uninitialized>true</uninitialized>
         <run_address>0xb00</run_address>
         <size>0x18</size>
         <input_file_ref idref="fl-d"/>
      </object_component>
      <object_component id="oc-e0">
         <name>AdcbResultFile</name>
         <uninitialized>true</uninitialized>
         <run_address>0xb20</run_address>
         <size>0x18</size>
         <input_file_ref idref="fl-d"/>
      </object_component>
      <object_component id="oc-de">
         <name>AdccResultFile</name>
         <uninitialized>true</uninitialized>
         <run_address>0xb40</run_address>
         <size>0x18</size>
         <input_file_ref idref="fl-d"/>
      </object_component>
      <object_component id="oc-e1">
         <name>AdcdResultFile</name>
         <uninitialized>true</uninitialized>
         <run_address>0xb60</run_address>
         <size>0x18</size>
         <input_file_ref idref="fl-d"/>
      </object_component>
      <object_component id="oc-114">
         <name>AdcaRegsFile</name>
         <uninitialized>true</uninitialized>
         <run_address>0x7400</run_address>
         <size>0x80</size>
         <input_file_ref idref="fl-d"/>
      </object_component>
      <object_component id="oc-111">
         <name>AdcbRegsFile</name>
         <uninitialized>true</uninitialized>
         <run_address>0x7480</run_address>
         <size>0x80</size>
         <input_file_ref idref="fl-d"/>
      </object_component>
      <object_component id="oc-110">
         <name>AdccRegsFile</name>
         <uninitialized>true</uninitialized>
         <run_address>0x7500</run_address>
         <size>0x80</size>
         <input_file_ref idref="fl-d"/>
      </object_component>
      <object_component id="oc-115">
         <name>AdcdRegsFile</name>
         <uninitialized>true</uninitialized>
         <run_address>0x7580</run_address>
         <size>0x80</size>
         <input_file_ref idref="fl-d"/>
      </object_component>
      <object_component id="oc-10b">
         <name>AnalogSubsysRegsFile</name>
         <uninitialized>true</uninitialized>
         <run_address>0x5d180</run_address>
         <size>0x48</size>
         <input_file_ref idref="fl-d"/>
      </object_component>
      <object_component id="oc-125">
         <name>CanaRegsFile</name>
         <uninitialized>true</uninitialized>
         <run_address>0x48000</run_address>
         <size>0x164</size>
         <input_file_ref idref="fl-d"/>
      </object_component>
      <object_component id="oc-126">
         <name>CanbRegsFile</name>
         <uninitialized>true</uninitialized>
         <run_address>0x4a000</run_address>
         <size>0x164</size>
         <input_file_ref idref="fl-d"/>
      </object_component>
      <object_component id="oc-106">
         <name>Cla1RegsFile</name>
         <uninitialized>true</uninitialized>
         <run_address>0x1400</run_address>
         <size>0x3e</size>
         <input_file_ref idref="fl-d"/>
      </object_component>
      <object_component id="oc-cc">
         <name>Cla1SoftIntRegsFile</name>
         <uninitialized>true</uninitialized>
         <run_address>0xce0</run_address>
         <size>0x4</size>
         <input_file_ref idref="fl-d"/>
      </object_component>
      <object_component id="oc-f2">
         <name>Cmpss1RegsFile</name>
         <uninitialized>true</uninitialized>
         <run_address>0x5c80</run_address>
         <size>0x20</size>
         <input_file_ref idref="fl-d"/>
      </object_component>
      <object_component id="oc-f1">
         <name>Cmpss2RegsFile</name>
         <uninitialized>true</uninitialized>
         <run_address>0x5ca0</run_address>
         <size>0x20</size>
         <input_file_ref idref="fl-d"/>
      </object_component>
      <object_component id="oc-f4">
         <name>Cmpss3RegsFile</name>
         <uninitialized>true</uninitialized>
         <run_address>0x5cc0</run_address>
         <size>0x20</size>
         <input_file_ref idref="fl-d"/>
      </object_component>
      <object_component id="oc-f3">
         <name>Cmpss4RegsFile</name>
         <uninitialized>true</uninitialized>
         <run_address>0x5ce0</run_address>
         <size>0x20</size>
         <input_file_ref idref="fl-d"/>
      </object_component>
      <object_component id="oc-ee">
         <name>Cmpss5RegsFile</name>
         <uninitialized>true</uninitialized>
         <run_address>0x5d00</run_address>
         <size>0x20</size>
         <input_file_ref idref="fl-d"/>
      </object_component>
      <object_component id="oc-ed">
         <name>Cmpss6RegsFile</name>
         <uninitialized>true</uninitialized>
         <run_address>0x5d20</run_address>
         <size>0x20</size>
         <input_file_ref idref="fl-d"/>
      </object_component>
      <object_component id="oc-f0">
         <name>Cmpss7RegsFile</name>
         <uninitialized>true</uninitialized>
         <run_address>0x5d40</run_address>
         <size>0x20</size>
         <input_file_ref idref="fl-d"/>
      </object_component>
      <object_component id="oc-ef">
         <name>Cmpss8RegsFile</name>
         <uninitialized>true</uninitialized>
         <run_address>0x5d60</run_address>
         <size>0x20</size>
         <input_file_ref idref="fl-d"/>
      </object_component>
      <object_component id="oc-d0">
         <name>CpuTimer0RegsFile</name>
         <uninitialized>true</uninitialized>
         <run_address>0xc00</run_address>
         <size>0x8</size>
         <input_file_ref idref="fl-d"/>
      </object_component>
      <object_component id="oc-d3">
         <name>CpuTimer1RegsFile</name>
         <uninitialized>true</uninitialized>
         <run_address>0xc08</run_address>
         <size>0x8</size>
         <input_file_ref idref="fl-d"/>
      </object_component>
      <object_component id="oc-d2">
         <name>CpuTimer2RegsFile</name>
         <uninitialized>true</uninitialized>
         <run_address>0xc10</run_address>
         <size>0x8</size>
         <input_file_ref idref="fl-d"/>
      </object_component>
      <object_component id="oc-d1">
         <name>DacaRegsFile</name>
         <uninitialized>true</uninitialized>
         <run_address>0x5c00</run_address>
         <size>0x8</size>
         <input_file_ref idref="fl-d"/>
      </object_component>
      <object_component id="oc-d4">
         <name>DacbRegsFile</name>
         <uninitialized>true</uninitialized>
         <run_address>0x5c10</run_address>
         <size>0x8</size>
         <input_file_ref idref="fl-d"/>
      </object_component>
      <object_component id="oc-cf">
         <name>DaccRegsFile</name>
         <uninitialized>true</uninitialized>
         <run_address>0x5c20</run_address>
         <size>0x8</size>
         <input_file_ref idref="fl-d"/>
      </object_component>
      <object_component id="oc-ff">
         <name>DcsmZ1RegsFile</name>
         <uninitialized>true</uninitialized>
         <run_address>0x5f000</run_address>
         <size>0x24</size>
         <input_file_ref idref="fl-d"/>
      </object_component>
      <object_component id="oc-fe">
         <name>DcsmZ2RegsFile</name>
         <uninitialized>true</uninitialized>
         <run_address>0x5f040</run_address>
         <size>0x24</size>
         <input_file_ref idref="fl-d"/>
      </object_component>
      <object_component id="oc-d5">
         <name>DcsmCommonRegsFile</name>
         <uninitialized>true</uninitialized>
         <run_address>0x5f070</run_address>
         <size>0x8</size>
         <input_file_ref idref="fl-d"/>
      </object_component>
      <object_component id="oc-f7">
         <name>DcsmZ1OtpFile</name>
         <uninitialized>true</uninitialized>
         <run_address>0x78000</run_address>
         <size>0x20</size>
         <input_file_ref idref="fl-d"/>
      </object_component>
      <object_component id="oc-f5">
         <name>DcsmZ2OtpFile</name>
         <uninitialized>true</uninitialized>
         <run_address>0x78200</run_address>
         <size>0x20</size>
         <input_file_ref idref="fl-d"/>
      </object_component>
      <object_component id="oc-117">
         <name>DmaRegsFile</name>
         <uninitialized>true</uninitialized>
         <run_address>0x1000</run_address>
         <size>0xe0</size>
         <input_file_ref idref="fl-d"/>
      </object_component>
      <object_component id="oc-e3">
         <name>DmaClaSrcSelRegsFile</name>
         <uninitialized>true</uninitialized>
         <run_address>0x7980</run_address>
         <size>0x1a</size>
         <input_file_ref idref="fl-d"/>
      </object_component>
      <object_component id="oc-f6">
         <name>ECap1RegsFile</name>
         <uninitialized>true</uninitialized>
         <run_address>0x5000</run_address>
         <size>0x20</size>
         <input_file_ref idref="fl-d"/>
      </object_component>
      <object_component id="oc-e6">
         <name>ECap2RegsFile</name>
         <uninitialized>true</uninitialized>
         <run_address>0x5020</run_address>
         <size>0x20</size>
         <input_file_ref idref="fl-d"/>
      </object_component>
      <object_component id="oc-ec">
         <name>ECap3RegsFile</name>
         <uninitialized>true</uninitialized>
         <run_address>0x5040</run_address>
         <size>0x20</size>
         <input_file_ref idref="fl-d"/>
      </object_component>
      <object_component id="oc-e4">
         <name>ECap4RegsFile</name>
         <uninitialized>true</uninitialized>
         <run_address>0x5060</run_address>
         <size>0x20</size>
         <input_file_ref idref="fl-d"/>
      </object_component>
      <object_component id="oc-e5">
         <name>ECap5RegsFile</name>
         <uninitialized>true</uninitialized>
         <run_address>0x5080</run_address>
         <size>0x20</size>
         <input_file_ref idref="fl-d"/>
      </object_component>
      <object_component id="oc-eb">
         <name>ECap6RegsFile</name>
         <uninitialized>true</uninitialized>
         <run_address>0x50a0</run_address>
         <size>0x20</size>
         <input_file_ref idref="fl-d"/>
      </object_component>
      <object_component id="oc-10d">
         <name>Emif1RegsFile</name>
         <uninitialized>true</uninitialized>
         <run_address>0x47000</run_address>
         <size>0x70</size>
         <input_file_ref idref="fl-d"/>
      </object_component>
      <object_component id="oc-10e">
         <name>Emif2RegsFile</name>
         <uninitialized>true</uninitialized>
         <run_address>0x47800</run_address>
         <size>0x70</size>
         <input_file_ref idref="fl-d"/>
      </object_component>
      <object_component id="oc-11c">
         <name>EPwm1RegsFile</name>
         <uninitialized>true</uninitialized>
         <run_address>0x4000</run_address>
         <size>0x100</size>
         <input_file_ref idref="fl-d"/>
      </object_component>
      <object_component id="oc-11b">
         <name>EPwm2RegsFile</name>
         <uninitialized>true</uninitialized>
         <run_address>0x4100</run_address>
         <size>0x100</size>
         <input_file_ref idref="fl-d"/>
      </object_component>
      <object_component id="oc-11e">
         <name>EPwm3RegsFile</name>
         <uninitialized>true</uninitialized>
         <run_address>0x4200</run_address>
         <size>0x100</size>
         <input_file_ref idref="fl-d"/>
      </object_component>
      <object_component id="oc-119">
         <name>EPwm4RegsFile</name>
         <uninitialized>true</uninitialized>
         <run_address>0x4300</run_address>
         <size>0x100</size>
         <input_file_ref idref="fl-d"/>
      </object_component>
      <object_component id="oc-118">
         <name>EPwm5RegsFile</name>
         <uninitialized>true</uninitialized>
         <run_address>0x4400</run_address>
         <size>0x100</size>
         <input_file_ref idref="fl-d"/>
      </object_component>
      <object_component id="oc-11d">
         <name>EPwm6RegsFile</name>
         <uninitialized>true</uninitialized>
         <run_address>0x4500</run_address>
         <size>0x100</size>
         <input_file_ref idref="fl-d"/>
      </object_component>
      <object_component id="oc-11a">
         <name>EPwm7RegsFile</name>
         <uninitialized>true</uninitialized>
         <run_address>0x4600</run_address>
         <size>0x100</size>
         <input_file_ref idref="fl-d"/>
      </object_component>
      <object_component id="oc-123">
         <name>EPwm8RegsFile</name>
         <uninitialized>true</uninitialized>
         <run_address>0x4700</run_address>
         <size>0x100</size>
         <input_file_ref idref="fl-d"/>
      </object_component>
      <object_component id="oc-121">
         <name>EPwm9RegsFile</name>
         <uninitialized>true</uninitialized>
         <run_address>0x4800</run_address>
         <size>0x100</size>
         <input_file_ref idref="fl-d"/>
      </object_component>
      <object_component id="oc-122">
         <name>EPwm10RegsFile</name>
         <uninitialized>true</uninitialized>
         <run_address>0x4900</run_address>
         <size>0x100</size>
         <input_file_ref idref="fl-d"/>
      </object_component>
      <object_component id="oc-11f">
         <name>EPwm11RegsFile</name>
         <uninitialized>true</uninitialized>
         <run_address>0x4a00</run_address>
         <size>0x100</size>
         <input_file_ref idref="fl-d"/>
      </object_component>
      <object_component id="oc-120">
         <name>EPwm12RegsFile</name>
         <uninitialized>true</uninitialized>
         <run_address>0x4b00</run_address>
         <size>0x100</size>
         <input_file_ref idref="fl-d"/>
      </object_component>
      <object_component id="oc-109">
         <name>EPwmXbarRegsFile</name>
         <uninitialized>true</uninitialized>
         <run_address>0x7a00</run_address>
         <size>0x40</size>
         <input_file_ref idref="fl-d"/>
      </object_component>
      <object_component id="oc-f8">
         <name>EQep1RegsFile</name>
         <uninitialized>true</uninitialized>
         <run_address>0x5100</run_address>
         <size>0x22</size>
         <input_file_ref idref="fl-d"/>
      </object_component>
      <object_component id="oc-f9">
         <name>EQep2RegsFile</name>
         <uninitialized>true</uninitialized>
         <run_address>0x5140</run_address>
         <size>0x22</size>
         <input_file_ref idref="fl-d"/>
      </object_component>
      <object_component id="oc-fb">
         <name>EQep3RegsFile</name>
         <uninitialized>true</uninitialized>
         <run_address>0x5180</run_address>
         <size>0x22</size>
         <input_file_ref idref="fl-d"/>
      </object_component>
      <object_component id="oc-128">
         <name>Flash0CtrlRegsFile</name>
         <uninitialized>true</uninitialized>
         <run_address>0x5f800</run_address>
         <size>0x182</size>
         <input_file_ref idref="fl-d"/>
      </object_component>
      <object_component id="oc-102">
         <name>Flash0EccRegsFile</name>
         <uninitialized>true</uninitialized>
         <run_address>0x5fb00</run_address>
         <size>0x28</size>
         <input_file_ref idref="fl-d"/>
      </object_component>
      <object_component id="oc-127">
         <name>GpioCtrlRegsFile</name>
         <uninitialized>true</uninitialized>
         <run_address>0x7c00</run_address>
         <size>0x180</size>
         <input_file_ref idref="fl-d"/>
      </object_component>
      <object_component id="oc-104">
         <name>GpioDataRegsFile</name>
         <uninitialized>true</uninitialized>
         <run_address>0x7f00</run_address>
         <size>0x30</size>
         <input_file_ref idref="fl-d"/>
      </object_component>
      <object_component id="oc-10a">
         <name>OutputXbarRegsFile</name>
         <uninitialized>true</uninitialized>
         <run_address>0x7a80</run_address>
         <size>0x40</size>
         <input_file_ref idref="fl-d"/>
      </object_component>
      <object_component id="oc-fc">
         <name>I2caRegsFile</name>
         <uninitialized>true</uninitialized>
         <run_address>0x7300</run_address>
         <size>0x22</size>
         <input_file_ref idref="fl-d"/>
      </object_component>
      <object_component id="oc-fa">
         <name>I2cbRegsFile</name>
         <uninitialized>true</uninitialized>
         <run_address>0x7340</run_address>
         <size>0x22</size>
         <input_file_ref idref="fl-d"/>
      </object_component>
      <object_component id="oc-e9">
         <name>InputXbarRegsFile</name>
         <uninitialized>true</uninitialized>
         <run_address>0x7900</run_address>
         <size>0x20</size>
         <input_file_ref idref="fl-d"/>
      </object_component>
      <object_component id="oc-e7">
         <name>XbarRegsFile</name>
         <uninitialized>true</uninitialized>
         <run_address>0x7920</run_address>
         <size>0x20</size>
         <input_file_ref idref="fl-d"/>
      </object_component>
      <object_component id="oc-fd">
         <name>IpcRegsFile</name>
         <uninitialized>true</uninitialized>
         <run_address>0x50000</run_address>
         <size>0x24</size>
         <input_file_ref idref="fl-d"/>
      </object_component>
      <object_component id="oc-ca">
         <name>FlashPumpSemaphoreRegsFile</name>
         <uninitialized>true</uninitialized>
         <run_address>0x50024</run_address>
         <size>0x2</size>
         <input_file_ref idref="fl-d"/>
      </object_component>
      <object_component id="oc-c9">
         <name>RomPrefetchRegsFile</name>
         <uninitialized>true</uninitialized>
         <run_address>0x5e608</run_address>
         <size>0x2</size>
         <input_file_ref idref="fl-d"/>
      </object_component>
      <object_component id="oc-112">
         <name>MemCfgRegsFile</name>
         <uninitialized>true</uninitialized>
         <run_address>0x5f400</run_address>
         <size>0x80</size>
         <input_file_ref idref="fl-d"/>
      </object_component>
      <object_component id="oc-e8">
         <name>Emif1ConfigRegsFile</name>
         <uninitialized>true</uninitialized>
         <run_address>0x5f480</run_address>
         <size>0x20</size>
         <input_file_ref idref="fl-d"/>
      </object_component>
      <object_component id="oc-ea">
         <name>Emif2ConfigRegsFile</name>
         <uninitialized>true</uninitialized>
         <run_address>0x5f4a0</run_address>
         <size>0x20</size>
         <input_file_ref idref="fl-d"/>
      </object_component>
      <object_component id="oc-108">
         <name>AccessProtectionRegsFile</name>
         <uninitialized>true</uninitialized>
         <run_address>0x5f4c0</run_address>
         <size>0x40</size>
         <input_file_ref idref="fl-d"/>
      </object_component>
      <object_component id="oc-107">
         <name>MemoryErrorRegsFile</name>
         <uninitialized>true</uninitialized>
         <run_address>0x5f500</run_address>
         <size>0x40</size>
         <input_file_ref idref="fl-d"/>
      </object_component>
      <object_component id="oc-cb">
         <name>RomWaitStateRegsFile</name>
         <uninitialized>true</uninitialized>
         <run_address>0x5f540</run_address>
         <size>0x2</size>
         <input_file_ref idref="fl-d"/>
      </object_component>
      <object_component id="oc-100">
         <name>McbspaRegsFile</name>
         <uninitialized>true</uninitialized>
         <run_address>0x6000</run_address>
         <size>0x24</size>
         <input_file_ref idref="fl-d"/>
      </object_component>
      <object_component id="oc-101">
         <name>McbspbRegsFile</name>
         <uninitialized>true</uninitialized>
         <run_address>0x6040</run_address>
         <size>0x24</size>
         <input_file_ref idref="fl-d"/>
      </object_component>
      <object_component id="oc-10c">
         <name>UppRegsFile</name>
         <uninitialized>true</uninitialized>
         <run_address>0x6200</run_address>
         <size>0x48</size>
         <input_file_ref idref="fl-d"/>
      </object_component>
      <object_component id="oc-ce">
         <name>NmiIntruptRegsFile</name>
         <uninitialized>true</uninitialized>
         <run_address>0x7060</run_address>
         <size>0x7</size>
         <input_file_ref idref="fl-d"/>
      </object_component>
      <object_component id="oc-e2">
         <name>PieCtrlRegsFile</name>
         <uninitialized>true</uninitialized>
         <run_address>0xce0</run_address>
         <size>0x1a</size>
         <input_file_ref idref="fl-d"/>
      </object_component>
      <object_component id="oc-d8">
         <name>SciaRegsFile</name>
         <uninitialized>true</uninitialized>
         <run_address>0x7200</run_address>
         <size>0x10</size>
         <input_file_ref idref="fl-d"/>
      </object_component>
      <object_component id="oc-d7">
         <name>ScibRegsFile</name>
         <uninitialized>true</uninitialized>
         <run_address>0x7210</run_address>
         <size>0x10</size>
         <input_file_ref idref="fl-d"/>
      </object_component>
      <object_component id="oc-da">
         <name>ScicRegsFile</name>
         <uninitialized>true</uninitialized>
         <run_address>0x7220</run_address>
         <size>0x10</size>
         <input_file_ref idref="fl-d"/>
      </object_component>
      <object_component id="oc-db">
         <name>ScidRegsFile</name>
         <uninitialized>true</uninitialized>
         <run_address>0x7230</run_address>
         <size>0x10</size>
         <input_file_ref idref="fl-d"/>
      </object_component>
      <object_component id="oc-113">
         <name>Sdfm1RegsFile</name>
         <uninitialized>true</uninitialized>
         <run_address>0x5e00</run_address>
         <size>0x80</size>
         <input_file_ref idref="fl-d"/>
      </object_component>
      <object_component id="oc-10f">
         <name>Sdfm2RegsFile</name>
         <uninitialized>true</uninitialized>
         <run_address>0x5e80</run_address>
         <size>0x80</size>
         <input_file_ref idref="fl-d"/>
      </object_component>
      <object_component id="oc-dd">
         <name>SpiaRegsFile</name>
         <uninitialized>true</uninitialized>
         <run_address>0x6100</run_address>
         <size>0x10</size>
         <input_file_ref idref="fl-d"/>
      </object_component>
      <object_component id="oc-dc">
         <name>SpibRegsFile</name>
         <uninitialized>true</uninitialized>
         <run_address>0x6110</run_address>
         <size>0x10</size>
         <input_file_ref idref="fl-d"/>
      </object_component>
      <object_component id="oc-d9">
         <name>SpicRegsFile</name>
         <uninitialized>true</uninitialized>
         <run_address>0x6120</run_address>
         <size>0x10</size>
         <input_file_ref idref="fl-d"/>
      </object_component>
      <object_component id="oc-124">
         <name>DevCfgRegsFile</name>
         <uninitialized>true</uninitialized>
         <run_address>0x5d000</run_address>
         <size>0x12e</size>
         <input_file_ref idref="fl-d"/>
      </object_component>
      <object_component id="oc-105">
         <name>ClkCfgRegsFile</name>
         <uninitialized>true</uninitialized>
         <run_address>0x5d200</run_address>
         <size>0x32</size>
         <input_file_ref idref="fl-d"/>
      </object_component>
      <object_component id="oc-116">
         <name>CpuSysRegsFile</name>
         <uninitialized>true</uninitialized>
         <run_address>0x5d300</run_address>
         <size>0x82</size>
         <input_file_ref idref="fl-d"/>
      </object_component>
      <object_component id="oc-cd">
         <name>SyncSocRegsFile</name>
         <uninitialized>true</uninitialized>
         <run_address>0x7940</run_address>
         <size>0x6</size>
         <input_file_ref idref="fl-d"/>
      </object_component>
      <object_component id="oc-103">
         <name>WdRegsFile</name>
         <uninitialized>true</uninitialized>
         <run_address>0x7000</run_address>
         <size>0x2b</size>
         <input_file_ref idref="fl-d"/>
      </object_component>
      <object_component id="oc-d6">
         <name>XintRegsFile</name>
         <uninitialized>true</uninitialized>
         <run_address>0x7070</run_address>
         <size>0xb</size>
         <input_file_ref idref="fl-d"/>
      </object_component>
      <object_component id="oc-8e">
         <name>.debug_info</name>
         <load_address>0x0</load_address>
         <run_address>0x0</run_address>
         <size>0x161</size>
         <input_file_ref idref="fl-2"/>
      </object_component>
      <object_component id="oc-93">
         <name>.debug_info</name>
         <load_address>0x161</load_address>
         <run_address>0x161</run_address>
         <size>0x16c</size>
         <input_file_ref idref="fl-3"/>
      </object_component>
      <object_component id="oc-97">
         <name>.debug_info</name>
         <load_address>0x2cd</load_address>
         <run_address>0x2cd</run_address>
         <size>0x4659</size>
         <input_file_ref idref="fl-4"/>
      </object_component>
      <object_component id="oc-9c">
         <name>.debug_info</name>
         <load_address>0x4926</load_address>
         <run_address>0x4926</run_address>
         <size>0x9f6</size>
         <input_file_ref idref="fl-5"/>
      </object_component>
      <object_component id="oc-a3">
         <name>.debug_info</name>
         <load_address>0x531c</load_address>
         <run_address>0x531c</run_address>
         <size>0x119</size>
         <input_file_ref idref="fl-6"/>
      </object_component>
      <object_component id="oc-a7">
         <name>.debug_info</name>
         <load_address>0x5435</load_address>
         <run_address>0x5435</run_address>
         <size>0x436e</size>
         <input_file_ref idref="fl-7"/>
      </object_component>
      <object_component id="oc-ad">
         <name>.debug_info</name>
         <load_address>0x97a3</load_address>
         <run_address>0x97a3</run_address>
         <size>0x474d</size>
         <input_file_ref idref="fl-8"/>
      </object_component>
      <object_component id="oc-b2">
         <name>.debug_info</name>
         <load_address>0xdef0</load_address>
         <run_address>0xdef0</run_address>
         <size>0x13e87</size>
         <input_file_ref idref="fl-9"/>
      </object_component>
      <object_component id="oc-b7">
         <name>.debug_info</name>
         <load_address>0x21d77</load_address>
         <run_address>0x21d77</run_address>
         <size>0xf415</size>
         <input_file_ref idref="fl-a"/>
      </object_component>
      <object_component id="oc-bc">
         <name>.debug_info</name>
         <load_address>0x3118c</load_address>
         <run_address>0x3118c</run_address>
         <size>0xf415</size>
         <input_file_ref idref="fl-b"/>
      </object_component>
      <object_component id="oc-c1">
         <name>.debug_info</name>
         <load_address>0x405a1</load_address>
         <run_address>0x405a1</run_address>
         <size>0x5478</size>
         <input_file_ref idref="fl-c"/>
      </object_component>
      <object_component id="oc-c6">
         <name>.debug_info</name>
         <load_address>0x45a19</load_address>
         <run_address>0x45a19</run_address>
         <size>0x5034a</size>
         <input_file_ref idref="fl-d"/>
      </object_component>
      <object_component id="oc-12b">
         <name>.debug_info</name>
         <load_address>0x95d63</load_address>
         <run_address>0x95d63</run_address>
         <size>0x19ed1</size>
         <input_file_ref idref="fl-e"/>
      </object_component>
      <object_component id="oc-130">
         <name>.debug_info</name>
         <load_address>0xafc34</load_address>
         <run_address>0xafc34</run_address>
         <size>0xf414</size>
         <input_file_ref idref="fl-f"/>
      </object_component>
      <object_component id="oc-135">
         <name>.debug_info</name>
         <load_address>0xbf048</load_address>
         <run_address>0xbf048</run_address>
         <size>0x16ab</size>
         <input_file_ref idref="fl-10"/>
      </object_component>
      <object_component id="oc-13a">
         <name>.debug_info</name>
         <load_address>0xc06f3</load_address>
         <run_address>0xc06f3</run_address>
         <size>0x19d0</size>
         <input_file_ref idref="fl-11"/>
      </object_component>
      <object_component id="oc-145">
         <name>.debug_info</name>
         <load_address>0xc20c3</load_address>
         <run_address>0xc20c3</run_address>
         <size>0x4904</size>
         <input_file_ref idref="fl-12"/>
      </object_component>
      <object_component id="oc-14a">
         <name>.debug_info</name>
         <load_address>0xc69c7</load_address>
         <run_address>0xc69c7</run_address>
         <size>0x17c4e</size>
         <input_file_ref idref="fl-13"/>
      </object_component>
      <object_component id="oc-14f">
         <name>.debug_info</name>
         <load_address>0xde615</load_address>
         <run_address>0xde615</run_address>
         <size>0x103ae</size>
         <input_file_ref idref="fl-14"/>
      </object_component>
      <object_component id="oc-154">
         <name>.debug_info</name>
         <load_address>0xee9c3</load_address>
         <run_address>0xee9c3</run_address>
         <size>0x35c4</size>
         <input_file_ref idref="fl-15"/>
      </object_component>
      <object_component id="oc-159">
         <name>.debug_info</name>
         <load_address>0xf1f87</load_address>
         <run_address>0xf1f87</run_address>
         <size>0x6770</size>
         <input_file_ref idref="fl-16"/>
      </object_component>
      <object_component id="oc-15e">
         <name>.debug_info</name>
         <load_address>0xf86f7</load_address>
         <run_address>0xf86f7</run_address>
         <size>0x1a1</size>
         <input_file_ref idref="fl-17"/>
      </object_component>
      <object_component id="oc-160">
         <name>.debug_info</name>
         <load_address>0xf8898</load_address>
         <run_address>0xf8898</run_address>
         <size>0xfcfc</size>
         <input_file_ref idref="fl-18"/>
      </object_component>
      <object_component id="oc-165">
         <name>.debug_info</name>
         <load_address>0x108594</load_address>
         <run_address>0x108594</run_address>
         <size>0xcc21</size>
         <input_file_ref idref="fl-19"/>
      </object_component>
      <object_component id="oc-16a">
         <name>.debug_info</name>
         <load_address>0x1151b5</load_address>
         <run_address>0x1151b5</run_address>
         <size>0x4ddf</size>
         <input_file_ref idref="fl-1a"/>
      </object_component>
      <object_component id="oc-170">
         <name>.debug_info</name>
         <load_address>0x119f94</load_address>
         <run_address>0x119f94</run_address>
         <size>0x10a99</size>
         <input_file_ref idref="fl-1b"/>
      </object_component>
      <object_component id="oc-175">
         <name>.debug_info</name>
         <load_address>0x12aa2d</load_address>
         <run_address>0x12aa2d</run_address>
         <size>0x2aeb</size>
         <input_file_ref idref="fl-1c"/>
      </object_component>
      <object_component id="oc-17a">
         <name>.debug_info</name>
         <load_address>0x12d518</load_address>
         <run_address>0x12d518</run_address>
         <size>0x3441</size>
         <input_file_ref idref="fl-1d"/>
      </object_component>
      <object_component id="oc-181">
         <name>.debug_info</name>
         <load_address>0x130959</load_address>
         <run_address>0x130959</run_address>
         <size>0x2006</size>
         <input_file_ref idref="fl-1e"/>
      </object_component>
      <object_component id="oc-186">
         <name>.debug_info</name>
         <load_address>0x13295f</load_address>
         <run_address>0x13295f</run_address>
         <size>0xffd6</size>
         <input_file_ref idref="fl-1f"/>
      </object_component>
      <object_component id="oc-18b">
         <name>.debug_info</name>
         <load_address>0x142935</load_address>
         <run_address>0x142935</run_address>
         <size>0x11b</size>
         <input_file_ref idref="fl-20"/>
      </object_component>
      <object_component id="oc-18f">
         <name>.debug_info</name>
         <load_address>0x142a50</load_address>
         <run_address>0x142a50</run_address>
         <size>0x4a8</size>
         <input_file_ref idref="fl-21"/>
      </object_component>
      <object_component id="oc-195">
         <name>.debug_info</name>
         <load_address>0x142ef8</load_address>
         <run_address>0x142ef8</run_address>
         <size>0x6ac</size>
         <input_file_ref idref="fl-22"/>
      </object_component>
      <object_component id="oc-19a">
         <name>.debug_info</name>
         <load_address>0x1435a4</load_address>
         <run_address>0x1435a4</run_address>
         <size>0x1418b</size>
         <input_file_ref idref="fl-23"/>
      </object_component>
      <object_component id="oc-1a2">
         <name>.debug_info</name>
         <load_address>0x15772f</load_address>
         <run_address>0x15772f</run_address>
         <size>0x694</size>
         <input_file_ref idref="fl-24"/>
      </object_component>
      <object_component id="oc-1a7">
         <name>.debug_info</name>
         <load_address>0x157dc3</load_address>
         <run_address>0x157dc3</run_address>
         <size>0x86dd</size>
         <input_file_ref idref="fl-25"/>
      </object_component>
      <object_component id="oc-1ae">
         <name>.debug_info</name>
         <load_address>0x1604a0</load_address>
         <run_address>0x1604a0</run_address>
         <size>0x4394</size>
         <input_file_ref idref="fl-26"/>
      </object_component>
      <object_component id="oc-1b5">
         <name>.debug_info</name>
         <load_address>0x164834</load_address>
         <run_address>0x164834</run_address>
         <size>0x394a</size>
         <input_file_ref idref="fl-27"/>
      </object_component>
      <object_component id="oc-1bb">
         <name>.debug_info</name>
         <load_address>0x16817e</load_address>
         <run_address>0x16817e</run_address>
         <size>0x501e</size>
         <input_file_ref idref="fl-28"/>
      </object_component>
      <object_component id="oc-1c5">
         <name>.debug_info</name>
         <load_address>0x16d19c</load_address>
         <run_address>0x16d19c</run_address>
         <size>0x16b</size>
         <input_file_ref idref="fl-3b"/>
      </object_component>
      <object_component id="oc-1c9">
         <name>.debug_info</name>
         <load_address>0x16d307</load_address>
         <run_address>0x16d307</run_address>
         <size>0x5c1</size>
         <input_file_ref idref="fl-3c"/>
      </object_component>
      <object_component id="oc-1ce">
         <name>.debug_info</name>
         <load_address>0x16d8c8</load_address>
         <run_address>0x16d8c8</run_address>
         <size>0x5ab</size>
         <input_file_ref idref="fl-3d"/>
      </object_component>
      <object_component id="oc-1d6">
         <name>.debug_info</name>
         <load_address>0x16de73</load_address>
         <run_address>0x16de73</run_address>
         <size>0x139</size>
         <input_file_ref idref="fl-3e"/>
      </object_component>
      <object_component id="oc-1db">
         <name>.debug_info</name>
         <load_address>0x16dfac</load_address>
         <run_address>0x16dfac</run_address>
         <size>0x16e</size>
         <input_file_ref idref="fl-3f"/>
      </object_component>
      <object_component id="oc-1df">
         <name>.debug_info</name>
         <load_address>0x16e11a</load_address>
         <run_address>0x16e11a</run_address>
         <size>0x46f</size>
         <input_file_ref idref="fl-40"/>
      </object_component>
      <object_component id="oc-1e4">
         <name>.debug_info</name>
         <load_address>0x16e589</load_address>
         <run_address>0x16e589</run_address>
         <size>0x3ab</size>
         <input_file_ref idref="fl-41"/>
      </object_component>
      <object_component id="oc-1e9">
         <name>.debug_info</name>
         <load_address>0x16e934</load_address>
         <run_address>0x16e934</run_address>
         <size>0x3e2</size>
         <input_file_ref idref="fl-42"/>
      </object_component>
      <object_component id="oc-1ee">
         <name>.debug_info</name>
         <load_address>0x16ed16</load_address>
         <run_address>0x16ed16</run_address>
         <size>0x3df</size>
         <input_file_ref idref="fl-43"/>
      </object_component>
      <object_component id="oc-1f3">
         <name>.debug_info</name>
         <load_address>0x16f0f5</load_address>
         <run_address>0x16f0f5</run_address>
         <size>0x4cf</size>
         <input_file_ref idref="fl-44"/>
      </object_component>
      <object_component id="oc-1f8">
         <name>.debug_info</name>
         <load_address>0x16f5c4</load_address>
         <run_address>0x16f5c4</run_address>
         <size>0x501</size>
         <input_file_ref idref="fl-45"/>
      </object_component>
      <object_component id="oc-1fd">
         <name>.debug_info</name>
         <load_address>0x16fac5</load_address>
         <run_address>0x16fac5</run_address>
         <size>0x4ce</size>
         <input_file_ref idref="fl-46"/>
      </object_component>
      <object_component id="oc-2ae">
         <name>.debug_info</name>
         <load_address>0x16ff93</load_address>
         <run_address>0x16ff93</run_address>
         <size>0xbc</size>
      </object_component>
      <object_component id="oc-8f">
         <name>.debug_line</name>
         <load_address>0x0</load_address>
         <run_address>0x0</run_address>
         <size>0x6e</size>
         <input_file_ref idref="fl-2"/>
      </object_component>
      <object_component id="oc-94">
         <name>.debug_line</name>
         <load_address>0x6e</load_address>
         <run_address>0x6e</run_address>
         <size>0x7c</size>
         <input_file_ref idref="fl-3"/>
      </object_component>
      <object_component id="oc-99">
         <name>.debug_line</name>
         <load_address>0xea</load_address>
         <run_address>0xea</run_address>
         <size>0x3e</size>
         <input_file_ref idref="fl-4"/>
      </object_component>
      <object_component id="oc-9f">
         <name>.debug_line</name>
         <load_address>0x128</load_address>
         <run_address>0x128</run_address>
         <size>0x94</size>
         <input_file_ref idref="fl-5"/>
      </object_component>
      <object_component id="oc-a4">
         <name>.debug_line</name>
         <load_address>0x1bc</load_address>
         <run_address>0x1bc</run_address>
         <size>0x53</size>
         <input_file_ref idref="fl-6"/>
      </object_component>
      <object_component id="oc-aa">
         <name>.debug_line</name>
         <load_address>0x20f</load_address>
         <run_address>0x20f</run_address>
         <size>0xce8</size>
         <input_file_ref idref="fl-7"/>
      </object_component>
      <object_component id="oc-af">
         <name>.debug_line</name>
         <load_address>0xef7</load_address>
         <run_address>0xef7</run_address>
         <size>0x3e</size>
         <input_file_ref idref="fl-8"/>
      </object_component>
      <object_component id="oc-b4">
         <name>.debug_line</name>
         <load_address>0xf35</load_address>
         <run_address>0xf35</run_address>
         <size>0x3f</size>
         <input_file_ref idref="fl-9"/>
      </object_component>
      <object_component id="oc-b9">
         <name>.debug_line</name>
         <load_address>0xf74</load_address>
         <run_address>0xf74</run_address>
         <size>0x3f</size>
         <input_file_ref idref="fl-a"/>
      </object_component>
      <object_component id="oc-be">
         <name>.debug_line</name>
         <load_address>0xfb3</load_address>
         <run_address>0xfb3</run_address>
         <size>0x3f</size>
         <input_file_ref idref="fl-b"/>
      </object_component>
      <object_component id="oc-c3">
         <name>.debug_line</name>
         <load_address>0xff2</load_address>
         <run_address>0xff2</run_address>
         <size>0x3f</size>
         <input_file_ref idref="fl-c"/>
      </object_component>
      <object_component id="oc-12d">
         <name>.debug_line</name>
         <load_address>0x1031</load_address>
         <run_address>0x1031</run_address>
         <size>0x271</size>
         <input_file_ref idref="fl-e"/>
      </object_component>
      <object_component id="oc-132">
         <name>.debug_line</name>
         <load_address>0x12a2</load_address>
         <run_address>0x12a2</run_address>
         <size>0x3e</size>
         <input_file_ref idref="fl-f"/>
      </object_component>
      <object_component id="oc-137">
         <name>.debug_line</name>
         <load_address>0x12e0</load_address>
         <run_address>0x12e0</run_address>
         <size>0x3e</size>
         <input_file_ref idref="fl-10"/>
      </object_component>
      <object_component id="oc-142">
         <name>.debug_line</name>
         <load_address>0x131e</load_address>
         <run_address>0x131e</run_address>
         <size>0x45</size>
         <input_file_ref idref="fl-11"/>
      </object_component>
      <object_component id="oc-147">
         <name>.debug_line</name>
         <load_address>0x1363</load_address>
         <run_address>0x1363</run_address>
         <size>0x4a</size>
         <input_file_ref idref="fl-12"/>
      </object_component>
      <object_component id="oc-14c">
         <name>.debug_line</name>
         <load_address>0x13ad</load_address>
         <run_address>0x13ad</run_address>
         <size>0x4a</size>
         <input_file_ref idref="fl-13"/>
      </object_component>
      <object_component id="oc-151">
         <name>.debug_line</name>
         <load_address>0x13f7</load_address>
         <run_address>0x13f7</run_address>
         <size>0x40</size>
         <input_file_ref idref="fl-14"/>
      </object_component>
      <object_component id="oc-156">
         <name>.debug_line</name>
         <load_address>0x1437</load_address>
         <run_address>0x1437</run_address>
         <size>0x92</size>
         <input_file_ref idref="fl-15"/>
      </object_component>
      <object_component id="oc-15b">
         <name>.debug_line</name>
         <load_address>0x14c9</load_address>
         <run_address>0x14c9</run_address>
         <size>0x76</size>
         <input_file_ref idref="fl-16"/>
      </object_component>
      <object_component id="oc-162">
         <name>.debug_line</name>
         <load_address>0x153f</load_address>
         <run_address>0x153f</run_address>
         <size>0x3e</size>
         <input_file_ref idref="fl-18"/>
      </object_component>
      <object_component id="oc-167">
         <name>.debug_line</name>
         <load_address>0x157d</load_address>
         <run_address>0x157d</run_address>
         <size>0x4ab</size>
         <input_file_ref idref="fl-19"/>
      </object_component>
      <object_component id="oc-16d">
         <name>.debug_line</name>
         <load_address>0x1a28</load_address>
         <run_address>0x1a28</run_address>
         <size>0x49</size>
         <input_file_ref idref="fl-1a"/>
      </object_component>
      <object_component id="oc-172">
         <name>.debug_line</name>
         <load_address>0x1a71</load_address>
         <run_address>0x1a71</run_address>
         <size>0xaf</size>
         <input_file_ref idref="fl-1b"/>
      </object_component>
      <object_component id="oc-177">
         <name>.debug_line</name>
         <load_address>0x1b20</load_address>
         <run_address>0x1b20</run_address>
         <size>0x3e</size>
         <input_file_ref idref="fl-1c"/>
      </object_component>
      <object_component id="oc-17e">
         <name>.debug_line</name>
         <load_address>0x1b5e</load_address>
         <run_address>0x1b5e</run_address>
         <size>0x41</size>
         <input_file_ref idref="fl-1d"/>
      </object_component>
      <object_component id="oc-183">
         <name>.debug_line</name>
         <load_address>0x1b9f</load_address>
         <run_address>0x1b9f</run_address>
         <size>0x47</size>
         <input_file_ref idref="fl-1e"/>
      </object_component>
      <object_component id="oc-18c">
         <name>.debug_line</name>
         <load_address>0x1be6</load_address>
         <run_address>0x1be6</run_address>
         <size>0x54</size>
         <input_file_ref idref="fl-20"/>
      </object_component>
      <object_component id="oc-192">
         <name>.debug_line</name>
         <load_address>0x1c3a</load_address>
         <run_address>0x1c3a</run_address>
         <size>0x4f</size>
         <input_file_ref idref="fl-21"/>
      </object_component>
      <object_component id="oc-197">
         <name>.debug_line</name>
         <load_address>0x1c89</load_address>
         <run_address>0x1c89</run_address>
         <size>0x127</size>
         <input_file_ref idref="fl-22"/>
      </object_component>
      <object_component id="oc-19f">
         <name>.debug_line</name>
         <load_address>0x1db0</load_address>
         <run_address>0x1db0</run_address>
         <size>0xd2</size>
         <input_file_ref idref="fl-23"/>
      </object_component>
      <object_component id="oc-1a4">
         <name>.debug_line</name>
         <load_address>0x1e82</load_address>
         <run_address>0x1e82</run_address>
         <size>0x5f</size>
         <input_file_ref idref="fl-24"/>
      </object_component>
      <object_component id="oc-1ab">
         <name>.debug_line</name>
         <load_address>0x1ee1</load_address>
         <run_address>0x1ee1</run_address>
         <size>0xb5</size>
         <input_file_ref idref="fl-25"/>
      </object_component>
      <object_component id="oc-1b2">
         <name>.debug_line</name>
         <load_address>0x1f96</load_address>
         <run_address>0x1f96</run_address>
         <size>0xcc</size>
         <input_file_ref idref="fl-26"/>
      </object_component>
      <object_component id="oc-1b8">
         <name>.debug_line</name>
         <load_address>0x2062</load_address>
         <run_address>0x2062</run_address>
         <size>0x4f</size>
         <input_file_ref idref="fl-27"/>
      </object_component>
      <object_component id="oc-1c0">
         <name>.debug_line</name>
         <load_address>0x20b1</load_address>
         <run_address>0x20b1</run_address>
         <size>0x1c1</size>
         <input_file_ref idref="fl-28"/>
      </object_component>
      <object_component id="oc-1c6">
         <name>.debug_line</name>
         <load_address>0x2272</load_address>
         <run_address>0x2272</run_address>
         <size>0x7e</size>
         <input_file_ref idref="fl-3b"/>
      </object_component>
      <object_component id="oc-1cb">
         <name>.debug_line</name>
         <load_address>0x22f0</load_address>
         <run_address>0x22f0</run_address>
         <size>0x50</size>
         <input_file_ref idref="fl-3c"/>
      </object_component>
      <object_component id="oc-1d2">
         <name>.debug_line</name>
         <load_address>0x2340</load_address>
         <run_address>0x2340</run_address>
         <size>0x65</size>
         <input_file_ref idref="fl-3d"/>
      </object_component>
      <object_component id="oc-1d7">
         <name>.debug_line</name>
         <load_address>0x23a5</load_address>
         <run_address>0x23a5</run_address>
         <size>0x69</size>
         <input_file_ref idref="fl-3e"/>
      </object_component>
      <object_component id="oc-1dc">
         <name>.debug_line</name>
         <load_address>0x240e</load_address>
         <run_address>0x240e</run_address>
         <size>0x6c</size>
         <input_file_ref idref="fl-3f"/>
      </object_component>
      <object_component id="oc-1e1">
         <name>.debug_line</name>
         <load_address>0x247a</load_address>
         <run_address>0x247a</run_address>
         <size>0x62</size>
         <input_file_ref idref="fl-40"/>
      </object_component>
      <object_component id="oc-1e6">
         <name>.debug_line</name>
         <load_address>0x24dc</load_address>
         <run_address>0x24dc</run_address>
         <size>0x87</size>
         <input_file_ref idref="fl-41"/>
      </object_component>
      <object_component id="oc-1eb">
         <name>.debug_line</name>
         <load_address>0x2563</load_address>
         <run_address>0x2563</run_address>
         <size>0x3e</size>
         <input_file_ref idref="fl-42"/>
      </object_component>
      <object_component id="oc-1f0">
         <name>.debug_line</name>
         <load_address>0x25a1</load_address>
         <run_address>0x25a1</run_address>
         <size>0x3a</size>
         <input_file_ref idref="fl-43"/>
      </object_component>
      <object_component id="oc-1f5">
         <name>.debug_line</name>
         <load_address>0x25db</load_address>
         <run_address>0x25db</run_address>
         <size>0xa7</size>
         <input_file_ref idref="fl-44"/>
      </object_component>
      <object_component id="oc-1fa">
         <name>.debug_line</name>
         <load_address>0x2682</load_address>
         <run_address>0x2682</run_address>
         <size>0x5e</size>
         <input_file_ref idref="fl-45"/>
      </object_component>
      <object_component id="oc-1ff">
         <name>.debug_line</name>
         <load_address>0x26e0</load_address>
         <run_address>0x26e0</run_address>
         <size>0x55</size>
         <input_file_ref idref="fl-46"/>
      </object_component>
      <object_component id="oc-90">
         <name>.debug_abbrev</name>
         <load_address>0x0</load_address>
         <run_address>0x0</run_address>
         <size>0x21</size>
         <input_file_ref idref="fl-2"/>
      </object_component>
      <object_component id="oc-95">
         <name>.debug_abbrev</name>
         <load_address>0x21</load_address>
         <run_address>0x21</run_address>
         <size>0x3d</size>
         <input_file_ref idref="fl-3"/>
      </object_component>
      <object_component id="oc-9a">
         <name>.debug_abbrev</name>
         <load_address>0x5e</load_address>
         <run_address>0x5e</run_address>
         <size>0x115</size>
         <input_file_ref idref="fl-4"/>
      </object_component>
      <object_component id="oc-a0">
         <name>.debug_abbrev</name>
         <load_address>0x173</load_address>
         <run_address>0x173</run_address>
         <size>0xfd</size>
         <input_file_ref idref="fl-5"/>
      </object_component>
      <object_component id="oc-a5">
         <name>.debug_abbrev</name>
         <load_address>0x270</load_address>
         <run_address>0x270</run_address>
         <size>0x2f</size>
         <input_file_ref idref="fl-6"/>
      </object_component>
      <object_component id="oc-ab">
         <name>.debug_abbrev</name>
         <load_address>0x29f</load_address>
         <run_address>0x29f</run_address>
         <size>0xde</size>
         <input_file_ref idref="fl-7"/>
      </object_component>
      <object_component id="oc-b0">
         <name>.debug_abbrev</name>
         <load_address>0x37d</load_address>
         <run_address>0x37d</run_address>
         <size>0x128</size>
         <input_file_ref idref="fl-8"/>
      </object_component>
      <object_component id="oc-b5">
         <name>.debug_abbrev</name>
         <load_address>0x4a5</load_address>
         <run_address>0x4a5</run_address>
         <size>0x103</size>
         <input_file_ref idref="fl-9"/>
      </object_component>
      <object_component id="oc-ba">
         <name>.debug_abbrev</name>
         <load_address>0x5a8</load_address>
         <run_address>0x5a8</run_address>
         <size>0x143</size>
         <input_file_ref idref="fl-a"/>
      </object_component>
      <object_component id="oc-bf">
         <name>.debug_abbrev</name>
         <load_address>0x6eb</load_address>
         <run_address>0x6eb</run_address>
         <size>0x11c</size>
         <input_file_ref idref="fl-b"/>
      </object_component>
      <object_component id="oc-c4">
         <name>.debug_abbrev</name>
         <load_address>0x807</load_address>
[...]
         <name>_GPIO_EnableUnbondedIOPullups</name>
         <value>0x8afc</value>
         <object_component_ref idref="oc-217"/>
      </symbol>
      <symbol id="sm-420">
         <name>_GPIO_SetupXINT1Gpio</name>
         <value>0x8a8c</value>
         <object_component_ref idref="oc-217"/>
      </symbol>
      <symbol id="sm-421">
         <name>_GPIO_SetupPinMux</name>
         <value>0x8943</value>
         <object_component_ref idref="oc-217"/>
      </symbol>
      <symbol id="sm-422">
         <name>_GPIO_EnableUnbondedIOPullupsFor100Pin</name>
         <value>0x8ad7</value>
         <object_component_ref idref="oc-217"/>
      </symbol>
      <symbol id="sm-423">
         <name>_GPIO_ReadPin</name>
         <value>0x8b12</value>
         <object_component_ref idref="oc-217"/>
      </symbol>
      <symbol id="sm-44b">
         <name>_g_usGetReadIndexes</name>
         <value>0x3fc84</value>
         <object_component_ref idref="oc-13e"/>
      </symbol>
      <symbol id="sm-44c">
         <name>_g_usPutWriteIndexes</name>
         <value>0x3fc80</value>
         <object_component_ref idref="oc-13c"/>
      </symbol>
      <symbol id="sm-44d">
         <name>_g_usGetWriteIndexes</name>
         <value>0x3f880</value>
         <object_component_ref idref="oc-13b"/>
      </symbol>
      <symbol id="sm-44e">
         <name>_g_asIPCCPU2toCPU1Buffers</name>
         <value>0x3f800</value>
         <object_component_ref idref="oc-140"/>
      </symbol>
      <symbol id="sm-44f">
         <name>_g_asIPCCPU1toCPU2Buffers</name>
         <value>0x3fc00</value>
         <object_component_ref idref="oc-13f"/>
      </symbol>
      <symbol id="sm-450">
         <name>_g_usPutReadIndexes</name>
         <value>0x3f884</value>
         <object_component_ref idref="oc-13d"/>
      </symbol>
      <symbol id="sm-477">
         <name>_InitPieCtrl</name>
         <value>0x922e</value>
         <object_component_ref idref="oc-20e"/>
      </symbol>
      <symbol id="sm-478">
         <name>_EnableInterrupts</name>
         <value>0x924d</value>
         <object_component_ref idref="oc-20e"/>
      </symbol>
      <symbol id="sm-488">
         <name>_PieVectTableInit</name>
         <value>0x9612</value>
         <object_component_ref idref="oc-218"/>
      </symbol>
      <symbol id="sm-489">
         <name>_InitPieVectTable</name>
         <value>0x9256</value>
         <object_component_ref idref="oc-20f"/>
      </symbol>
      <symbol id="sm-4c5">
         <name>_InitSysPll</name>
         <value>0x86ca</value>
         <object_component_ref idref="oc-20c"/>
      </symbol>
      <symbol id="sm-4c6">
         <name>_SeizeFlashPump</name>
         <value>0x8695</value>
         <object_component_ref idref="oc-20c"/>
      </symbol>
      <symbol id="sm-4c7">
         <name>_DisablePeripheralClocks</name>
         <value>0x8646</value>
         <object_component_ref idref="oc-20c"/>
      </symbol>
      <symbol id="sm-4c8">
         <name>_FlashOff</name>
         <value>0x8687</value>
         <object_component_ref idref="oc-20c"/>
      </symbol>
      <symbol id="sm-4c9">
         <name>_DisableDog</name>
         <value>0x86bc</value>
         <object_component_ref idref="oc-20c"/>
      </symbol>
      <symbol id="sm-4ca">
         <name>_SysIntOsc2Sel</name>
         <value>0x8883</value>
         <object_component_ref idref="oc-20c"/>
      </symbol>
      <symbol id="sm-4cb">
         <name>_ReleaseFlashPump</name>
         <value>0x86a4</value>
         <object_component_ref idref="oc-20c"/>
      </symbol>
      <symbol id="sm-4cc">
         <name>_HALT</name>
         <value>0x88cd</value>
         <object_component_ref idref="oc-20c"/>
      </symbol>
      <symbol id="sm-4cd">
         <name>_IDLE</name>
         <value>0x88b9</value>
         <object_component_ref idref="oc-20c"/>
      </symbol>
      <symbol id="sm-4ce">
         <name>_InitPeripheralClocks</name>
         <value>0x85c2</value>
         <object_component_ref idref="oc-20c"/>
      </symbol>
      <symbol id="sm-4cf">
         <name>_InitFlash</name>
         <value>0x865e</value>
         <object_component_ref idref="oc-20c"/>
      </symbol>
      <symbol id="sm-4d0">
         <name>_SysXtalOscSel</name>
         <value>0x888d</value>
         <object_component_ref idref="oc-20c"/>
      </symbol>
      <symbol id="sm-4d1">
         <name>_CsmUnlock</name>
         <value>0x8858</value>
         <object_component_ref idref="oc-20c"/>
      </symbol>
      <symbol id="sm-4d2">
         <name>_SysIntOsc1Sel</name>
         <value>0x8879</value>
         <object_component_ref idref="oc-20c"/>
      </symbol>
      <symbol id="sm-4d3">
         <name>_ServiceDog</name>
         <value>0x86ae</value>
         <object_component_ref idref="oc-20c"/>
      </symbol>
      <symbol id="sm-4d4">
         <name>_HIB</name>
         <value>0x88e6</value>
         <object_component_ref idref="oc-20c"/>
      </symbol>
      <symbol id="sm-4d5">
         <name>_AuxAuxClkSel</name>
         <value>0x88af</value>
         <object_component_ref idref="oc-20c"/>
      </symbol>
      <symbol id="sm-4d6">
         <name>_AuxIntOsc2Sel</name>
         <value>0x8899</value>
         <object_component_ref idref="oc-20c"/>
      </symbol>
      <symbol id="sm-4d7">
         <name>_InitAuxPll</name>
         <value>0x8790</value>
         <object_component_ref idref="oc-20c"/>
      </symbol>
      <symbol id="sm-4d8">
         <name>_InitSysCtrl</name>
         <value>0x8585</value>
         <object_component_ref idref="oc-20c"/>
      </symbol>
      <symbol id="sm-4d9">
         <name>_STANDBY</name>
         <value>0x88c2</value>
         <object_component_ref idref="oc-20c"/>
      </symbol>
      <symbol id="sm-4da">
         <name>_AuxXtalOscSel</name>
         <value>0x88a3</value>
         <object_component_ref idref="oc-20c"/>
      </symbol>
      <symbol id="sm-4e6">
         <name>_tempSensor_tempSlope</name>
         <value>0xa87c</value>
         <object_component_ref idref="oc-16b"/>
      </symbol>
      <symbol id="sm-4e7">
         <name>_tempSensor_tempOffset</name>
         <value>0xa878</value>
         <object_component_ref idref="oc-16b"/>
      </symbol>
      <symbol id="sm-4e8">
         <name>_tempSensor_scaleFactor</name>
         <value>0xa87a</value>
         <object_component_ref idref="oc-16b"/>
      </symbol>
      <symbol id="sm-4f4">
         <name>_InitUpp1Gpio</name>
         <value>0x8fbb</value>
         <object_component_ref idref="oc-213"/>
      </symbol>
      <symbol id="sm-4f5">
         <name>_SoftResetUpp</name>
         <value>0x9021</value>
         <object_component_ref idref="oc-213"/>
      </symbol>
      <symbol id="sm-50c">
         <name>_deviceOpen</name>
         <value>0xa8c4</value>
         <object_component_ref idref="oc-17c"/>
      </symbol>
      <symbol id="sm-529">
         <name>_I2C</name>
         <value>0xa808</value>
         <object_component_ref idref="oc-188"/>
      </symbol>
      <symbol id="sm-52a">
         <name>_TRIP_SEL</name>
         <value>0xa85a</value>
         <object_component_ref idref="oc-188"/>
      </symbol>
      <symbol id="sm-52b">
         <name>_EPWM</name>
         <value>0xa840</value>
         <object_component_ref idref="oc-188"/>
      </symbol>
      <symbol id="sm-52c">
         <name>_MCBSP</name>
         <value>0xa804</value>
         <object_component_ref idref="oc-188"/>
      </symbol>
      <symbol id="sm-52d">
         <name>_ECAP</name>
         <value>0xa82c</value>
         <object_component_ref idref="oc-188"/>
      </symbol>
      <symbol id="sm-52e">
         <name>_SPI</name>
         <value>0xa81a</value>
         <object_component_ref idref="oc-188"/>
      </symbol>
      <symbol id="sm-52f">
         <name>_EQEP</name>
         <value>0xa812</value>
         <object_component_ref idref="oc-188"/>
      </symbol>
      <symbol id="sm-530">
         <name>_SDFM</name>
         <value>0xa80c</value>
         <object_component_ref idref="oc-188"/>
      </symbol>
      <symbol id="sm-531">
         <name>_ADC</name>
         <value>0xa822</value>
         <object_component_ref idref="oc-188"/>
      </symbol>
      <symbol id="sm-532">
         <name>_SCI</name>
         <value>0xa800</value>
         <object_component_ref idref="oc-188"/>
      </symbol>
      <symbol id="sm-53e">
         <name>_F28x_usDelay</name>
         <value>0x936e</value>
         <object_component_ref idref="oc-18a"/>
      </symbol>
      <symbol id="sm-54c">
         <name>_ap</name>
         <value>0xa8c2</value>
         <object_component_ref idref="oc-190"/>
      </symbol>
      <symbol id="sm-54d">
         <name>_SendToPc</name>
         <value>0x92fd</value>
         <object_component_ref idref="oc-214"/>
      </symbol>
      <symbol id="sm-573">
         <name>_itoa</name>
         <value>0x8dc6</value>
         <object_component_ref idref="oc-219"/>
      </symbol>
      <symbol id="sm-574">
         <name>_cst_vsprintf</name>
         <value>0x8e22</value>
         <object_component_ref idref="oc-219"/>
      </symbol>
      <symbol id="sm-575">
         <name>_atoi</name>
         <value>0x8da2</value>
         <object_component_ref idref="oc-219"/>
      </symbol>
      <symbol id="sm-598">
         <name>_main</name>
         <value>0x8b47</value>
         <object_component_ref idref="oc-209"/>
      </symbol>
      <symbol id="sm-599">
         <name>_cnt</name>
         <value>0xa8b4</value>
         <object_component_ref idref="oc-19c"/>
      </symbol>
      <symbol id="sm-59a">
         <name>_sw_stat</name>
         <value>0xa8b5</value>
         <object_component_ref idref="oc-19c"/>
      </symbol>
      <symbol id="sm-59b">
         <name>_RamfuncsLoadSize</name>
         <value>0xa8b9</value>
         <object_component_ref idref="oc-19c"/>
      </symbol>
      <symbol id="sm-59c">
         <name>_temp</name>
         <value>0xa8b8</value>
         <object_component_ref idref="oc-19c"/>
      </symbol>
      <symbol id="sm-59d">
         <name>_init_word</name>
         <value>0x8c69</value>
         <object_component_ref idref="oc-209"/>
      </symbol>
      <symbol id="sm-59e">
         <name>_RamfuncsRunStart</name>
         <value>0xa8b7</value>
         <object_component_ref idref="oc-19c"/>
      </symbol>
      <symbol id="sm-59f">
         <name>_RamfuncsLoadStart</name>
         <value>0xa8b6</value>
         <object_component_ref idref="oc-19c"/>
      </symbol>
      <symbol id="sm-5ab">
         <name>_Gpio_Custom_Setup</name>
         <value>0x9115</value>
         <object_component_ref idref="oc-20d"/>
      </symbol>
      <symbol id="sm-5bb">
         <name>_PwmOn</name>
         <value>0x8fb4</value>
         <object_component_ref idref="oc-212"/>
      </symbol>
      <symbol id="sm-5bc">
         <name>_PwmOff</name>
         <value>0x8fa9</value>
         <object_component_ref idref="oc-212"/>
      </symbol>
      <symbol id="sm-5bd">
         <name>_BackTicker</name>
         <value>0xa8aa</value>
         <object_component_ref idref="oc-1a8"/>
      </symbol>
      <symbol id="sm-5be">
         <name>_InitEPwm4Module</name>
         <value>0x8f3c</value>
         <object_component_ref idref="oc-212"/>
      </symbol>
      <symbol id="sm-5bf">
         <name>_PwmCarrierFrequency</name>
         <value>0xa8b2</value>
         <object_component_ref idref="oc-1a8"/>
      </symbol>
      <symbol id="sm-5c0">
         <name>_FallingEdgeDelay</name>
         <value>0xa8ac</value>
         <object_component_ref idref="oc-1a8"/>
      </symbol>
      <symbol id="sm-5c1">
         <name>_EPwm4Isr</name>
         <value>0x90b5</value>
         <object_component_ref idref="oc-1a9"/>
      </symbol>
      <symbol id="sm-5c2">
         <name>_PwmDutyRatioA</name>
         <value>0xa8b0</value>
         <object_component_ref idref="oc-1a8"/>
      </symbol>
      <symbol id="sm-5c3">
         <name>_EPwm4IsrTicker</name>
         <value>0xa8ab</value>
         <object_component_ref idref="oc-1a8"/>
      </symbol>
      <symbol id="sm-5c4">
         <name>_RisingEdgeDelay</name>
         <value>0xa8ae</value>
         <object_component_ref idref="oc-1a8"/>
      </symbol>
      <symbol id="sm-5d7">
         <name>_sciaRxFifoIsr</name>
         <value>0x92e0</value>
         <object_component_ref idref="oc-1b0"/>
      </symbol>
      <symbol id="sm-5d8">
         <name>_scia_init</name>
         <value>0x91d2</value>
         <object_component_ref idref="oc-211"/>
      </symbol>
      <symbol id="sm-5d9">
         <name>_rdataA</name>
         <value>0xa8c5</value>
         <object_component_ref idref="oc-1af"/>
      </symbol>
      <symbol id="sm-5da">
         <name>_scia_msg</name>
         <value>0x91f2</value>
         <object_component_ref idref="oc-211"/>
      </symbol>
      <symbol id="sm-5db">
         <name>_scia_fifo_init</name>
         <value>0x91ca</value>
         <object_component_ref idref="oc-211"/>
      </symbol>
      <symbol id="sm-5dc">
         <name>_scia_tx</name>
         <value>0x91e6</value>
         <object_component_ref idref="oc-211"/>
      </symbol>
      <symbol id="sm-5e8">
         <name>_cpu_timer0_isr</name>
         <value>0x9347</value>
         <object_component_ref idref="oc-1b6"/>
      </symbol>
      <symbol id="sm-614">
         <name>_SettingUpp</name>
         <value>0x8e9a</value>
         <object_component_ref idref="oc-207"/>
      </symbol>
      <symbol id="sm-615">
         <name>_local_UPPA_ISR</name>
         <value>0x8ca3</value>
         <object_component_ref idref="oc-1be"/>
      </symbol>
      <symbol id="sm-616">
         <name>_upp_data_idx</name>
         <value>0xa89a</value>
         <object_component_ref idref="oc-1bd"/>
      </symbol>
      <symbol id="sm-617">
         <name>_dac_freq</name>
         <value>0xa8a2</value>
         <object_component_ref idref="oc-1bd"/>
      </symbol>
      <symbol id="sm-618">
         <name>_ConfigFreqUpp</name>
         <value>0x8ee9</value>
         <object_component_ref idref="oc-207"/>
      </symbol>
      <symbol id="sm-619">
         <name>_InitTxMsgRam</name>
         <value>0xa898</value>
         <object_component_ref idref="oc-1bd"/>
      </symbol>
      <symbol id="sm-61a">
         <name>_DacOn</name>
         <value>0x8ee4</value>
         <object_component_ref idref="oc-207"/>
      </symbol>
      <symbol id="sm-61b">
         <name>_var</name>
         <value>0xa8a6</value>
         <object_component_ref idref="oc-1bd"/>
      </symbol>
      <symbol id="sm-61c">
         <name>_size_union</name>
         <value>0xa8a0</value>
         <object_component_ref idref="oc-1bd"/>
      </symbol>
      <symbol id="sm-61d">
         <name>_chg_freq</name>
         <value>0xa89d</value>
         <object_component_ref idref="oc-1bd"/>
      </symbol>
      <symbol id="sm-61e">
         <name>_WrValue</name>
         <value>0xa8a8</value>
         <object_component_ref idref="oc-1bd"/>
      </symbol>
      <symbol id="sm-61f">
         <name>_end_int</name>
         <value>0xa89c</value>
         <object_component_ref idref="oc-1bd"/>
      </symbol>
      <symbol id="sm-620">
         <name>_upp_real_addr</name>
         <value>0xa899</value>
         <object_component_ref idref="oc-1bd"/>
      </symbol>
      <symbol id="sm-621">
         <name>_ErrCount</name>
         <value>0xa8a4</value>
         <object_component_ref idref="oc-1bd"/>
      </symbol>
      <symbol id="sm-622">
         <name>_DacOff</name>
         <value>0x8eda</value>
         <object_component_ref idref="oc-207"/>
      </symbol>
      <symbol id="sm-623">
         <name>_upp_data_length</name>
         <value>0xa89b</value>
         <object_component_ref idref="oc-1bd"/>
      </symbol>
      <symbol id="sm-624">
         <name>_sine_var</name>
         <value>0xa89f</value>
         <object_component_ref idref="oc-1bd"/>
      </symbol>
      <symbol id="sm-625">
         <name>_off_flag</name>
         <value>0xa89e</value>
         <object_component_ref idref="oc-1bd"/>
      </symbol>
      <symbol id="sm-640">
         <name>_c_int00</name>
         <value>0x9174</value>
         <object_component_ref idref="oc-8b"/>
      </symbol>
      <symbol id="sm-641">
         <name>__stack</name>
         <value>0x400</value>
         <object_component_ref idref="oc-1c3"/>
      </symbol>
      <symbol id="sm-650">
         <name>_copy_in</name>
         <value>0x927c</value>
         <object_component_ref idref="oc-203"/>
      </symbol>
      <symbol id="sm-664">
         <name>C$$EXIT</name>
         <value>0x9205</value>
         <object_component_ref idref="oc-206"/>
      </symbol>
      <symbol id="sm-665">
         <name>_exit</name>
         <value>0x9207</value>
         <object_component_ref idref="oc-206"/>
      </symbol>
      <symbol id="sm-666">
         <name>___TI_cleanup_ptr</name>
         <value>0xa8bc</value>
         <object_component_ref idref="oc-1d0"/>
      </symbol>
      <symbol id="sm-667">
         <name>___TI_enable_exit_profile_output</name>
         <value>0xa8ba</value>
         <object_component_ref idref="oc-1d0"/>
      </symbol>
      <symbol id="sm-668">
         <name>_abort</name>
         <value>0x9205</value>
         <object_component_ref idref="oc-206"/>
      </symbol>
      <symbol id="sm-669">
         <name>___TI_dtors_ptr</name>
         <value>0xa8be</value>
         <object_component_ref idref="oc-1d0"/>
      </symbol>
      <symbol id="sm-677">
         <name>I$$MOD</name>
         <value>0x92b1</value>
         <object_component_ref idref="oc-1d5"/>
      </symbol>
      <symbol id="sm-678">
         <name>I$$DIV</name>
         <value>0x92a0</value>
         <object_component_ref idref="oc-1d5"/>
      </symbol>
      <symbol id="sm-684">
         <name>LL$$AND</name>
         <value>0x932f</value>
         <object_component_ref idref="oc-1da"/>
      </symbol>
      <symbol id="sm-685">
         <name>LL$$OR</name>
         <value>0x9337</value>
         <object_component_ref idref="oc-1da"/>
      </symbol>
      <symbol id="sm-686">
         <name>LL$$XOR</name>
         <value>0x933f</value>
         <object_component_ref idref="oc-1da"/>
      </symbol>
      <symbol id="sm-697">
         <name>_memcpy</name>
         <value>0x92c2</value>
         <object_component_ref idref="oc-208"/>
      </symbol>
      <symbol id="sm-6ac">
         <name>__system_pre_init</name>
         <value>0x9375</value>
         <object_component_ref idref="oc-202"/>
      </symbol>
      <symbol id="sm-6b8">
         <name>__system_post_cinit</name>
         <value>0x9377</value>
         <object_component_ref idref="oc-204"/>
      </symbol>
      <symbol id="sm-6c5">
         <name>_strlen</name>
         <value>0x9366</value>
         <object_component_ref idref="oc-21b"/>
      </symbol>
      <symbol id="sm-6d9">
         <name>__unlock</name>
         <value>0xa8c0</value>
         <object_component_ref idref="oc-21a"/>
      </symbol>
      <symbol id="sm-6da">
         <name>__lock</name>
         <value>0xa87e</value>
         <object_component_ref idref="oc-20a"/>
      </symbol>
      <symbol id="sm-6db">
         <name>__register_lock</name>
         <value>0x9361</value>
         <object_component_ref idref="oc-215"/>
      </symbol>
      <symbol id="sm-6dc">
         <name>__nop</name>
         <value>0x9365</value>
         <object_component_ref idref="oc-215"/>
      </symbol>
      <symbol id="sm-6dd">
         <name>__register_unlock</name>
         <value>0x935d</value>
         <object_component_ref idref="oc-215"/>
      </symbol>
      <symbol id="sm-6ec">
         <name>__args_main</name>
         <value>0x9316</value>
         <object_component_ref idref="oc-205"/>
      </symbol>
   </symbol_table>
   <title>Link successful</title>
</link_info>
